02 000002   zbT C1 Fake 30 sec ad    0030   08 02 26 06 15 00                   
02 000003   zbT C2 Fake 60 sec ad    0100   08 02 26 06 15 30                   
02 000004   zbT C3 Retail Test 30 sec0030   08 02 26 06 16 30                   
02 000002   zbT C1 Fake 30 sec ad    0030   08 02 26 06 30 00                   
02 000003   zbT C2 Fake 60 sec ad    0100   08 02 26 06 30 30                   
02 000004   zbT C3 Retail Test 30 sec0030   08 02 26 06 31 30                   
02 000002   zbT C1 Fake 30 sec ad    0030   08 02 26 06 45 00                   
02 000003   zbT C2 Fake 60 sec ad    0100   08 02 26 06 45 30                   
02 000004   zbT C3 Retail Test 30 sec0030   08 02 26 06 46 30                   
02 000002   zbT C1 Fake 30 sec ad    0030   08 02 26 07 15 00                   
02 000003   zbT C2 Fake 60 sec ad    0100   08 02 26 07 15 30                   
02 000004   zbT C3 Retail Test 30 sec0030   08 02 26 07 16 30                   
02 000002   zbT C1 Fake 30 sec ad    0030   08 02 26 07 30 00                   
02 000003   zbT C2 Fake 60 sec ad    0100   08 02 26 07 30 30                   
02 000004   zbT C3 Retail Test 30 sec0030   08 02 26 07 31 30                   
02 000002   zbT C1 Fake 30 sec ad    0030   08 02 26 07 45 00                   
02 000003   zbT C2 Fake 60 sec ad    0100   08 02 26 07 45 30                   
02 000004   zbT C3 Retail Test 30 sec0030   08 02 26 07 46 30                   
02 000002   zbT C1 Fake 30 sec ad    0030   08 02 26 08 15 00                   
02 000003   zbT C2 Fake 60 sec ad    0100   08 02 26 08 15 30                   
02 000004   zbT C3 Retail Test 30 sec0030   08 02 26 08 16 30                   
02 000002   zbT C1 Fake 30 sec ad    0030   08 02 26 08 30 00                   
02 000003   zbT C2 Fake 60 sec ad    0100   08 02 26 08 30 30                   
02 000004   zbT C3 Retail Test 30 sec0030   08 02 26 08 31 30                   
02 000002   zbT C1 Fake 30 sec ad    0030   08 02 26 08 45 00                   
02 000003   zbT C2 Fake 60 sec ad    0100   08 02 26 08 45 30                   
02 000004   zbT C3 Retail Test 30 sec0030   08 02 26 08 46 30                   
02 000002   zbT C1 Fake 30 sec ad    0030   08 02 26 09 15 00                   
02 000003   zbT C2 Fake 60 sec ad    0100   08 02 26 09 15 30                   
02 000004   zbT C3 Retail Test 30 sec0030   08 02 26 09 16 30                   
02 000002   zbT C1 Fake 30 sec ad    0030   08 02 26 09 30 00                   
02 000003   zbT C2 Fake 60 sec ad    0100   08 02 26 09 30 30                   
02 000004   zbT C3 Retail Test 30 sec0030   08 02 26 09 31 30                   
02 000002   zbT C1 Fake 30 sec ad    0030   08 02 26 09 45 00                   
02 000003   zbT C2 Fake 60 sec ad    0100   08 02 26 09 45 30                   
02 000004   zbT C3 Retail Test 30 sec0030   08 02 26 09 46 30                   
02 000002   zbT C1 Fake 30 sec ad    0030   08 02 26 10 15 00                   
02 000003   zbT C2 Fake 60 sec ad    0100   08 02 26 10 15 30                   
02 000004   zbT C3 Retail Test 30 sec0030   08 02 26 10 16 30                   
02 000002   zbT C1 Fake 30 sec ad    0030   08 02 26 10 30 00                   
02 000003   zbT C2 Fake 60 sec ad    0100   08 02 26 10 30 30                   
02 000004   zbT C3 Retail Test 30 sec0030   08 02 26 10 31 30                   
02 000002   zbT C1 Fake 30 sec ad    0030   08 02 26 10 45 00                   
02 000003   zbT C2 Fake 60 sec ad    0100   08 02 26 10 45 30                   
02 000004   zbT C3 Retail Test 30 sec0030   08 02 26 10 46 30                   
02 000002   zbT C1 Fake 30 sec ad    0030   08 02 26 11 15 00                   
02 000003   zbT C2 Fake 60 sec ad    0100   08 02 26 11 15 30                   
02 000004   zbT C3 Retail Test 30 sec0030   08 02 26 11 16 30                   
02 000002   zbT C1 Fake 30 sec ad    0030   08 02 26 11 30 00                   
02 000003   zbT C2 Fake 60 sec ad    0100   08 02 26 11 30 30                   
02 000004   zbT C3 Retail Test 30 sec0030   08 02 26 11 31 30                   
02 000002   zbT C1 Fake 30 sec ad    0030   08 02 26 11 45 00                   
02 000003   zbT C2 Fake 60 sec ad    0100   08 02 26 11 45 30                   
02 000004   zbT C3 Retail Test 30 sec0030   08 02 26 11 46 30                   
02 000002   zbT C1 Fake 30 sec ad    0030   08 02 26 12 15 00                   
02 000003   zbT C2 Fake 60 sec ad    0100   08 02 26 12 15 30                   
02 000004   zbT C3 Retail Test 30 sec0030   08 02 26 12 16 30                   
02 000002   zbT C1 Fake 30 sec ad    0030   08 02 26 12 30 00                   
02 000003   zbT C2 Fake 60 sec ad    0100   08 02 26 12 30 30                   
02 000004   zbT C3 Retail Test 30 sec0030   08 02 26 12 31 30                   
02 000002   zbT C1 Fake 30 sec ad    0030   08 02 26 12 45 00                   
02 000003   zbT C2 Fake 60 sec ad    0100   08 02 26 12 45 30                   
02 000004   zbT C3 Retail Test 30 sec0030   08 02 26 12 46 30                   
02 000002   zbT C1 Fake 30 sec ad    0030   08 02 26 13 15 00                   
02 000003   zbT C2 Fake 60 sec ad    0100   08 02 26 13 15 30                   
02 000004   zbT C3 Retail Test 30 sec0030   08 02 26 13 16 30                   
02 000002   zbT C1 Fake 30 sec ad    0030   08 02 26 13 30 00                   
02 000003   zbT C2 Fake 60 sec ad    0100   08 02 26 13 30 30                   
02 000004   zbT C3 Retail Test 30 sec0030   08 02 26 13 31 30                   
02 000002   zbT C1 Fake 30 sec ad    0030   08 02 26 13 45 00                   
02 000003   zbT C2 Fake 60 sec ad    0100   08 02 26 13 45 30                   
02 000004   zbT C3 Retail Test 30 sec0030   08 02 26 13 46 30                   
02 000002   zbT C1 Fake 30 sec ad    0030   08 02 26 14 15 00                   
02 000003   zbT C2 Fake 60 sec ad    0100   08 02 26 14 15 30                   
02 000004   zbT C3 Retail Test 30 sec0030   08 02 26 14 16 30                   
02 000002   zbT C1 Fake 30 sec ad    0030   08 02 26 14 30 00                   
02 000003   zbT C2 Fake 60 sec ad    0100   08 02 26 14 30 30                   
02 000004   zbT C3 Retail Test 30 sec0030   08 02 26 14 31 30                   
02 000002   zbT C1 Fake 30 sec ad    0030   08 02 26 14 45 00                   
02 000003   zbT C2 Fake 60 sec ad    0100   08 02 26 14 45 30                   
02 000004   zbT C3 Retail Test 30 sec0030   08 02 26 14 46 30                   
02 000002   zbT C1 Fake 30 sec ad    0030   08 02 26 15 15 00                   
02 000003   zbT C2 Fake 60 sec ad    0100   08 02 26 15 15 30                   
02 000004   zbT C3 Retail Test 30 sec0030   08 02 26 15 16 30                   
02 000002   zbT C1 Fake 30 sec ad    0030   08 02 26 15 30 00                   
02 000003   zbT C2 Fake 60 sec ad    0100   08 02 26 15 30 30                   
02 000004   zbT C3 Retail Test 30 sec0030   08 02 26 15 31 30                   
02 000002   zbT C1 Fake 30 sec ad    0030   08 02 26 15 45 00                   
02 000003   zbT C2 Fake 60 sec ad    0100   08 02 26 15 45 30                   
02 000004   zbT C3 Retail Test 30 sec0030   08 02 26 15 46 30                   
02 000002   zbT C1 Fake 30 sec ad    0030   08 02 26 16 15 00                   
02 000003   zbT C2 Fake 60 sec ad    0100   08 02 26 16 15 30                   
02 000004   zbT C3 Retail Test 30 sec0030   08 02 26 16 16 30                   
02 000002   zbT C1 Fake 30 sec ad    0030   08 02 26 16 30 00                   
02 000003   zbT C2 Fake 60 sec ad    0100   08 02 26 16 30 30                   
02 000004   zbT C3 Retail Test 30 sec0030   08 02 26 16 31 30                   
02 000002   zbT C1 Fake 30 sec ad    0030   08 02 26 16 45 00                   
02 000003   zbT C2 Fake 60 sec ad    0100   08 02 26 16 45 30                   
02 000004   zbT C3 Retail Test 30 sec0030   08 02 26 16 46 30                   
02 000002   zbT C1 Fake 30 sec ad    0030   08 02 26 17 15 00                   
02 000003   zbT C2 Fake 60 sec ad    0100   08 02 26 17 15 30                   
02 000004   zbT C3 Retail Test 30 sec0030   08 02 26 17 16 30                   
02 000002   zbT C1 Fake 30 sec ad    0030   08 02 26 17 30 00                   
02 000003   zbT C2 Fake 60 sec ad    0100   08 02 26 17 30 30                   
02 000004   zbT C3 Retail Test 30 sec0030   08 02 26 17 31 30                   
02 000002   zbT C1 Fake 30 sec ad    0030   08 02 26 17 45 00                   
02 000003   zbT C2 Fake 60 sec ad    0100   08 02 26 17 45 30                   
02 000004   zbT C3 Retail Test 30 sec0030   08 02 26 17 46 30                   
02 000002   zbT C1 Fake 30 sec ad    0030   08 02 26 18 15 00                   
02 000003   zbT C2 Fake 60 sec ad    0100   08 02 26 18 15 30                   
02 000004   zbT C3 Retail Test 30 sec0030   08 02 26 18 16 30                   
02 000002   zbT C1 Fake 30 sec ad    0030   08 02 26 18 30 00                   
02 000003   zbT C2 Fake 60 sec ad    0100   08 02 26 18 30 30                   
02 000004   zbT C3 Retail Test 30 sec0030   08 02 26 18 31 30                   
02 000002   zbT C1 Fake 30 sec ad    0030   08 02 26 18 45 00                   
02 000003   zbT C2 Fake 60 sec ad    0100   08 02 26 18 45 30                   
02 000004   zbT C3 Retail Test 30 sec0030   08 02 26 18 46 30                   
02 000002   zbT C1 Fake 30 sec ad    0030   08 02 26 19 15 00                   
02 000003   zbT C2 Fake 60 sec ad    0100   08 02 26 19 15 30                   
02 000004   zbT C3 Retail Test 30 sec0030   08 02 26 19 16 30                   
02 000002   zbT C1 Fake 30 sec ad    0030   08 02 26 19 30 00                   
02 000003   zbT C2 Fake 60 sec ad    0100   08 02 26 19 30 30                   
02 000004   zbT C3 Retail Test 30 sec0030   08 02 26 19 31 30                   
02 000002   zbT C1 Fake 30 sec ad    0030   08 02 26 19 45 00                   
02 000003   zbT C2 Fake 60 sec ad    0100   08 02 26 19 45 30                   
02 000004   zbT C3 Retail Test 30 sec0030   08 02 26 19 46 30                   
02 000002   zbT C1 Fake 30 sec ad    0030   08 02 26 20 15 00                   
02 000003   zbT C2 Fake 60 sec ad    0100   08 02 26 20 15 30                   
02 000004   zbT C3 Retail Test 30 sec0030   08 02 26 20 16 30                   
02 000002   zbT C1 Fake 30 sec ad    0030   08 02 26 20 30 00                   
02 000003   zbT C2 Fake 60 sec ad    0100   08 02 26 20 30 30                   
02 000004   zbT C3 Retail Test 30 sec0030   08 02 26 20 31 30                   
02 000002   zbT C1 Fake 30 sec ad    0030   08 02 26 20 45 00                   
02 000003   zbT C2 Fake 60 sec ad    0100   08 02 26 20 45 30                   
02 000004   zbT C3 Retail Test 30 sec0030   08 02 26 20 46 30                   
02 000002   zbT C1 Fake 30 sec ad    0030   08 02 26 21 15 00                   
02 000003   zbT C2 Fake 60 sec ad    0100   08 02 26 21 15 30                   
02 000004   zbT C3 Retail Test 30 sec0030   08 02 26 21 16 30                   
02 000002   zbT C1 Fake 30 sec ad    0030   08 02 26 21 30 00                   
02 000003   zbT C2 Fake 60 sec ad    0100   08 02 26 21 30 30                   
02 000004   zbT C3 Retail Test 30 sec0030   08 02 26 21 31 30                   
02 000002   zbT C1 Fake 30 sec ad    0030   08 02 26 21 45 00                   
02 000003   zbT C2 Fake 60 sec ad    0100   08 02 26 21 45 30                   
02 000004   zbT C3 Retail Test 30 sec0030   08 02 26 21 46 30                   
02 000002   zbT C1 Fake 30 sec ad    0030   08 02 26 22 15 00                   
02 000003   zbT C2 Fake 60 sec ad    0100   08 02 26 22 15 30                   
02 000004   zbT C3 Retail Test 30 sec0030   08 02 26 22 16 30                   
02 000002   zbT C1 Fake 30 sec ad    0030   08 02 26 22 30 00                   
02 000003   zbT C2 Fake 60 sec ad    0100   08 02 26 22 30 30                   
02 000004   zbT C3 Retail Test 30 sec0030   08 02 26 22 31 30                   
02 000002   zbT C1 Fake 30 sec ad    0030   08 02 26 22 45 00                   
02 000003   zbT C2 Fake 60 sec ad    0100   08 02 26 22 45 30                   
02 000004   zbT C3 Retail Test 30 sec0030   08 02 26 22 46 30                   
